// Jest Snapshot v1, https://goo.gl/fbAQLP

exports[`renders microphone button 1`] = `
<div>
  <div
    class="container"
  >
    <div
      class="outerCircle"
    >
      <div
        class="innerCircle"
      >
        <div
          class="innerMostCircle"
        />
      </div>
    </div>
  </div>
</div>
`;
